// Jest Snapshot v1, https://goo.gl/fbAQLP

exports[`PlayButtons should render without crashing 1`] = `
<PlayButtons__Button>
  <PlayButtons__Svg
    viewBox="0 0 100 100"
    x="0px"
    y="0px"
  >
    <defs>
      <linearGradient
        id="grad3"
        x1="0%"
        x2="100%"
        y1="0%"
        y2="0%"
      >
        <stop
          offset="0%"
          style={
            Object {
              "stopColor": "rgba(225, 32, 30, 1)",
              "stopOpacity": 1,
            }
          }
        />
        <stop
          offset="70%"
          style={
            Object {
              "stopColor": "rgba(195, 27, 120, 1)",
              "stopOpacity": 1,
            }
          }
        />
        <stop
          offset="100%"
          style={
            Object {
              "stopColor": "rgba(195, 27, 120, 1)",
              "stopOpacity": 1,
            }
          }
        />
      </linearGradient>
    </defs>
    <g>
      <g>
        <path
          d="M23,90c-0.7,0-1.8-0.2-2.5-0.8C19,88.2,18,86.7,18,85V15c0-1.8,1-3.5,2.5-4.3c1.5-1,3.5-1,5,0l60,35  c1.5,1,2.5,2.5,2.5,4.2c0,1.8-1,3.5-2.5,4.3l-60,35C24.8,89.8,23.8,90,23,90z"
          fill="url(#grad3)"
        />
      </g>
    </g>
  </PlayButtons__Svg>
</PlayButtons__Button>
`;
